
[09:11:56 UTC] [SUCCESS] {"required_plugins":{"active":[],"inactive":[],"notinstalled":[{"slug":"ultimate-addons-for-gutenberg","init":"ultimate-addons-for-gutenberg\/ultimate-addons-for-gutenberg.php","name":"Spectra","action":"http:\/\/wine-shop.local\/wp-admin\/update.php?action=install-plugin&plugin=ultimate-addons-for-gutenberg&_wpnonce=2f364b0c9c"},{"slug":"surecart","init":"surecart\/surecart.php","name":"SureCart","action":"http:\/\/wine-shop.local\/wp-admin\/update.php?action=install-plugin&plugin=surecart&_wpnonce=948955b569"},{"slug":"sureforms","init":"sureforms\/sureforms.php","name":"SureForms","action":"http:\/\/wine-shop.local\/wp-admin\/update.php?action=install-plugin&plugin=sureforms&_wpnonce=1301aa29d4"}]},"third_party_required_plugins":[],"update_avilable_plugins":[],"incompatible_plugins":[],"error":false} | Context: {"required_plugins":{"active":[],"inactive":[],"notinstalled":[{"slug":"ultimate-addons-for-gutenberg","init":"ultimate-addons-for-gutenberg\/ultimate-addons-for-gutenberg.php","name":"Spectra","action":"http:\/\/wine-shop.local\/wp-admin\/update.php?action=install-plugin&plugin=ultimate-addons-for-gutenberg&_wpnonce=2f364b0c9c"},{"slug":"surecart","init":"surecart\/surecart.php","name":"SureCart","action":"http:\/\/wine-shop.local\/wp-admin\/update.php?action=install-plugin&plugin=surecart&_wpnonce=948955b569"},{"slug":"sureforms","init":"sureforms\/sureforms.php","name":"SureForms","action":"http:\/\/wine-shop.local\/wp-admin\/update.php?action=install-plugin&plugin=sureforms&_wpnonce=1301aa29d4"}]},"third_party_required_plugins":[],"update_avilable_plugins":[],"incompatible_plugins":[],"error":false}
[09:11:56 UTC] [SUCCESS] {"permissions":{"is_readable":true,"is_writable":true,"is_wp_filesystem":true},"directory":"C:\\Users\\dvirl\\Local Sites\\wine-shop\\app\\public\/wp-content\/uploads"} | Context: {"permissions":{"is_readable":true,"is_writable":true,"is_wp_filesystem":true},"directory":"C:\\Users\\dvirl\\Local Sites\\wine-shop\\app\\public\/wp-content\/uploads"}
[09:13:55 UTC] [SUCCESS] {"required_plugins":{"active":[{"slug":"woocommerce","init":"woocommerce\/woocommerce.php","name":"WooCommerce"}],"inactive":[],"notinstalled":[{"slug":"ultimate-addons-for-gutenberg","init":"ultimate-addons-for-gutenberg\/ultimate-addons-for-gutenberg.php","name":"Spectra","action":"http:\/\/wine-shop.local\/wp-admin\/update.php?action=install-plugin&plugin=ultimate-addons-for-gutenberg&_wpnonce=2f364b0c9c"},{"slug":"variation-swatches-woo","init":"variation-swatches-woo\/variation-swatches-woo.php","name":"Variation Swatches for WooCommerce","action":"http:\/\/wine-shop.local\/wp-admin\/update.php?action=install-plugin&plugin=variation-swatches-woo&_wpnonce=7044b14d11"},{"slug":"woo-cart-abandonment-recovery","init":"woo-cart-abandonment-recovery\/woo-cart-abandonment-recovery.php","name":"Cart Abandonment Recovery for WooCommerce","action":"http:\/\/wine-shop.local\/wp-admin\/update.php?action=install-plugin&plugin=woo-cart-abandonment-recovery&_wpnonce=fb0f0d3971"},{"slug":"woocommerce-payments","init":"woocommerce-payments\/woocommerce-payments.php","name":"WooPayments","action":"http:\/\/wine-shop.local\/wp-admin\/update.php?action=install-plugin&plugin=woocommerce-payments&_wpnonce=fd728da6d4"},{"slug":"modern-cart","init":"modern-cart\/modern-cart.php","name":"Modern Cart Starter for WooCommerce","action":"http:\/\/wine-shop.local\/wp-admin\/update.php?action=install-plugin&plugin=modern-cart&_wpnonce=566d669126"},{"slug":"power-coupons","init":"power-coupons\/power-coupons.php","name":"Power Coupons for WooCommerce","action":"http:\/\/wine-shop.local\/wp-admin\/update.php?action=install-plugin&plugin=power-coupons&_wpnonce=ba77696aed"}]},"third_party_required_plugins":[],"update_avilable_plugins":[],"incompatible_plugins":[],"error":false} | Context: {"required_plugins":{"active":[{"slug":"woocommerce","init":"woocommerce\/woocommerce.php","name":"WooCommerce"}],"inactive":[],"notinstalled":[{"slug":"ultimate-addons-for-gutenberg","init":"ultimate-addons-for-gutenberg\/ultimate-addons-for-gutenberg.php","name":"Spectra","action":"http:\/\/wine-shop.local\/wp-admin\/update.php?action=install-plugin&plugin=ultimate-addons-for-gutenberg&_wpnonce=2f364b0c9c"},{"slug":"variation-swatches-woo","init":"variation-swatches-woo\/variation-swatches-woo.php","name":"Variation Swatches for WooCommerce","action":"http:\/\/wine-shop.local\/wp-admin\/update.php?action=install-plugin&plugin=variation-swatches-woo&_wpnonce=7044b14d11"},{"slug":"woo-cart-abandonment-recovery","init":"woo-cart-abandonment-recovery\/woo-cart-abandonment-recovery.php","name":"Cart Abandonment Recovery for WooCommerce","action":"http:\/\/wine-shop.local\/wp-admin\/update.php?action=install-plugin&plugin=woo-cart-abandonment-recovery&_wpnonce=fb0f0d3971"},{"slug":"woocommerce-payments","init":"woocommerce-payments\/woocommerce-payments.php","name":"WooPayments","action":"http:\/\/wine-shop.local\/wp-admin\/update.php?action=install-plugin&plugin=woocommerce-payments&_wpnonce=fd728da6d4"},{"slug":"modern-cart","init":"modern-cart\/modern-cart.php","name":"Modern Cart Starter for WooCommerce","action":"http:\/\/wine-shop.local\/wp-admin\/update.php?action=install-plugin&plugin=modern-cart&_wpnonce=566d669126"},{"slug":"power-coupons","init":"power-coupons\/power-coupons.php","name":"Power Coupons for WooCommerce","action":"http:\/\/wine-shop.local\/wp-admin\/update.php?action=install-plugin&plugin=power-coupons&_wpnonce=ba77696aed"}]},"third_party_required_plugins":[],"update_avilable_plugins":[],"incompatible_plugins":[],"error":false}
[09:13:56 UTC] [SUCCESS] {"permissions":{"is_readable":true,"is_writable":true,"is_wp_filesystem":true},"directory":"C:\\Users\\dvirl\\Local Sites\\wine-shop\\app\\public\/wp-content\/uploads"} | Context: {"permissions":{"is_readable":true,"is_writable":true,"is_wp_filesystem":true},"directory":"C:\\Users\\dvirl\\Local Sites\\wine-shop\\app\\public\/wp-content\/uploads"}
[09:18:51 UTC] [SUCCESS] {"required_plugins":{"active":[{"slug":"woocommerce","init":"woocommerce\/woocommerce.php","name":"WooCommerce"}],"inactive":[],"notinstalled":[{"slug":"ultimate-addons-for-gutenberg","init":"ultimate-addons-for-gutenberg\/ultimate-addons-for-gutenberg.php","name":"Spectra","action":"http:\/\/wine-shop.local\/wp-admin\/update.php?action=install-plugin&plugin=ultimate-addons-for-gutenberg&_wpnonce=2f364b0c9c"},{"slug":"variation-swatches-woo","init":"variation-swatches-woo\/variation-swatches-woo.php","name":"Variation Swatches for WooCommerce","action":"http:\/\/wine-shop.local\/wp-admin\/update.php?action=install-plugin&plugin=variation-swatches-woo&_wpnonce=7044b14d11"},{"slug":"woo-cart-abandonment-recovery","init":"woo-cart-abandonment-recovery\/woo-cart-abandonment-recovery.php","name":"Cart Abandonment Recovery for WooCommerce","action":"http:\/\/wine-shop.local\/wp-admin\/update.php?action=install-plugin&plugin=woo-cart-abandonment-recovery&_wpnonce=fb0f0d3971"},{"slug":"woocommerce-payments","init":"woocommerce-payments\/woocommerce-payments.php","name":"WooPayments","action":"http:\/\/wine-shop.local\/wp-admin\/update.php?action=install-plugin&plugin=woocommerce-payments&_wpnonce=fd728da6d4"},{"slug":"modern-cart","init":"modern-cart\/modern-cart.php","name":"Modern Cart Starter for WooCommerce","action":"http:\/\/wine-shop.local\/wp-admin\/update.php?action=install-plugin&plugin=modern-cart&_wpnonce=566d669126"},{"slug":"power-coupons","init":"power-coupons\/power-coupons.php","name":"Power Coupons for WooCommerce","action":"http:\/\/wine-shop.local\/wp-admin\/update.php?action=install-plugin&plugin=power-coupons&_wpnonce=ba77696aed"},{"name":"SureRank","slug":"surerank","init":"surerank\/surerank.php","action":"http:\/\/wine-shop.local\/wp-admin\/update.php?action=install-plugin&plugin=surerank&_wpnonce=8c38888fc1"}]},"third_party_required_plugins":[],"update_avilable_plugins":[],"incompatible_plugins":[],"error":false} | Context: {"required_plugins":{"active":[{"slug":"woocommerce","init":"woocommerce\/woocommerce.php","name":"WooCommerce"}],"inactive":[],"notinstalled":[{"slug":"ultimate-addons-for-gutenberg","init":"ultimate-addons-for-gutenberg\/ultimate-addons-for-gutenberg.php","name":"Spectra","action":"http:\/\/wine-shop.local\/wp-admin\/update.php?action=install-plugin&plugin=ultimate-addons-for-gutenberg&_wpnonce=2f364b0c9c"},{"slug":"variation-swatches-woo","init":"variation-swatches-woo\/variation-swatches-woo.php","name":"Variation Swatches for WooCommerce","action":"http:\/\/wine-shop.local\/wp-admin\/update.php?action=install-plugin&plugin=variation-swatches-woo&_wpnonce=7044b14d11"},{"slug":"woo-cart-abandonment-recovery","init":"woo-cart-abandonment-recovery\/woo-cart-abandonment-recovery.php","name":"Cart Abandonment Recovery for WooCommerce","action":"http:\/\/wine-shop.local\/wp-admin\/update.php?action=install-plugin&plugin=woo-cart-abandonment-recovery&_wpnonce=fb0f0d3971"},{"slug":"woocommerce-payments","init":"woocommerce-payments\/woocommerce-payments.php","name":"WooPayments","action":"http:\/\/wine-shop.local\/wp-admin\/update.php?action=install-plugin&plugin=woocommerce-payments&_wpnonce=fd728da6d4"},{"slug":"modern-cart","init":"modern-cart\/modern-cart.php","name":"Modern Cart Starter for WooCommerce","action":"http:\/\/wine-shop.local\/wp-admin\/update.php?action=install-plugin&plugin=modern-cart&_wpnonce=566d669126"},{"slug":"power-coupons","init":"power-coupons\/power-coupons.php","name":"Power Coupons for WooCommerce","action":"http:\/\/wine-shop.local\/wp-admin\/update.php?action=install-plugin&plugin=power-coupons&_wpnonce=ba77696aed"},{"name":"SureRank","slug":"surerank","init":"surerank\/surerank.php","action":"http:\/\/wine-shop.local\/wp-admin\/update.php?action=install-plugin&plugin=surerank&_wpnonce=8c38888fc1"}]},"third_party_required_plugins":[],"update_avilable_plugins":[],"incompatible_plugins":[],"error":false}
[09:19:17 UTC] [INFO] Starting import process | Context: {"template_type":"classic","uuid":""}
[09:19:17 UTC] [INFO] Started Import Process
[09:19:17 UTC] [INFO] # System Details: 
[09:19:17 UTC] [INFO] Debug Mode 		: Disabled
[09:19:17 UTC] [INFO] Operating System 	: WINNT
[09:19:17 UTC] [INFO] Software 		: nginx/1.26.1
[09:19:17 UTC] [INFO] MySQL version 		: 8.0.35
[09:19:17 UTC] [INFO] XML Reader 		: Yes
[09:19:17 UTC] [INFO] PHP Version 		: 8.2.29
[09:19:17 UTC] [INFO] PHP Max Input Vars 	: 4000
[09:19:17 UTC] [INFO] PHP Max Post Size 	: 1000M
[09:19:17 UTC] [INFO] PHP Extension GD 	: Yes
[09:19:17 UTC] [INFO] PHP Max Execution Time 	: 1200
[09:19:17 UTC] [INFO] Max Upload Size 	: 300 MB
[09:19:17 UTC] [INFO] Memory Limit 		: Current memory limit 40M. We recommend setting memory to at least 64M.
[09:19:17 UTC] [INFO] Timezone 		: 0
[09:19:17 UTC] [INFO] 
-----

[09:19:17 UTC] [INFO] Importing Started! - 09:19:17 UTC
[09:19:17 UTC] [INFO] ---

[09:19:17 UTC] [INFO] WHY IMPORT PROCESS CAN FAIL? READ THIS - 
[09:19:17 UTC] [INFO] https://wpastra.com/docs/?p=1314&utm_source=demo-import-panel&utm_campaign=import-error&utm_medium=wp-dashboard

[09:19:17 UTC] [INFO] ---

[09:19:17 UTC] [SUCCESS] Import process start flag set successfully | Context: {"template_type":"classic"}
[09:19:18 UTC] [INFO] Image subsizes deferral enabled for import
[09:19:18 UTC] [INFO] Image subsizes deferral enabled for import
[09:19:18 UTC] [INFO] Image subsizes deferral enabled for import
[09:19:19 UTC] [INFO] Image subsizes deferral enabled for import
[09:19:19 UTC] [INFO] Checking if plugin directory clearing is needed
[09:19:19 UTC] [INFO] Plugin install clear directory enabled - Will clear destination directory
[09:19:19 UTC] [INFO] Plugin install clear directory options returned
[09:19:21 UTC] [INFO] Image subsizes deferral enabled for import
[09:19:29 UTC] [INFO] Image subsizes deferral enabled for import
[09:19:30 UTC] [INFO] Checking if plugin directory clearing is needed
[09:19:30 UTC] [INFO] Plugin install clear directory enabled - Will clear destination directory
[09:19:30 UTC] [INFO] Plugin install clear directory options returned
[09:19:32 UTC] [SUCCESS] Plugin Activated | Context: {"success":true,"status":"activated","message":"Plugin Activated"}
[09:19:35 UTC] [INFO] Image subsizes deferral enabled for import
[09:19:36 UTC] [SUCCESS] Plugin Activated | Context: {"success":true,"status":"activated","message":"Plugin Activated"}
[09:19:37 UTC] [INFO] Checking if plugin directory clearing is needed
[09:19:37 UTC] [INFO] Plugin install clear directory enabled - Will clear destination directory
[09:19:37 UTC] [INFO] Plugin install clear directory options returned
[09:19:42 UTC] [INFO] Image subsizes deferral enabled for import
[09:19:43 UTC] [INFO] Image subsizes deferral enabled for import
[09:19:43 UTC] [INFO] Image subsizes deferral enabled for import
[09:19:44 UTC] [INFO] Checking if plugin directory clearing is needed
[09:19:44 UTC] [INFO] Plugin install clear directory enabled - Will clear destination directory
[09:19:44 UTC] [INFO] Plugin install clear directory options returned
[09:19:44 UTC] [SUCCESS] Plugin Activated | Context: {"success":true,"status":"activated","message":"Plugin Activated"}
[09:19:54 UTC] [INFO] Image subsizes deferral enabled for import
[09:19:54 UTC] [INFO] Image subsizes deferral enabled for import
[09:19:56 UTC] [INFO] Checking if plugin directory clearing is needed
[09:19:56 UTC] [INFO] Plugin install clear directory enabled - Will clear destination directory
[09:19:56 UTC] [INFO] Plugin install clear directory options returned
[09:19:59 UTC] [SUCCESS] Plugin Activated | Context: {"success":true,"status":"activated","message":"Plugin Activated"}
[09:20:17 UTC] [INFO] Image subsizes deferral enabled for import
[09:20:19 UTC] [INFO] Checking if plugin directory clearing is needed
[09:20:19 UTC] [INFO] Plugin install clear directory enabled - Will clear destination directory
[09:20:19 UTC] [INFO] Plugin install clear directory options returned
[09:20:19 UTC] [SUCCESS] Plugin Activated | Context: {"success":true,"status":"activated","message":"Plugin Activated"}
[09:20:25 UTC] [INFO] Image subsizes deferral enabled for import
[09:20:26 UTC] [INFO] Checking if plugin directory clearing is needed
[09:20:26 UTC] [INFO] Plugin install clear directory enabled - Will clear destination directory
[09:20:26 UTC] [INFO] Plugin install clear directory options returned
[09:20:26 UTC] [INFO] Image subsizes deferral enabled for import
[09:20:27 UTC] [SUCCESS] Plugin Activated | Context: {"success":true,"status":"activated","message":"Plugin Activated"}
[09:20:38 UTC] [INFO] Image subsizes deferral enabled for import
[09:20:39 UTC] [SUCCESS] Plugin Activated | Context: {"success":true,"status":"activated","message":"Plugin Activated"}
[09:20:41 UTC] [INFO] Image subsizes deferral enabled for import
[09:20:41 UTC] [INFO] All required plugins verified successfully.
[09:20:41 UTC] [INFO] Image subsizes deferral enabled for import
[09:20:42 UTC] [INFO] Image subsizes deferral enabled for import
[09:20:43 UTC] [INFO] Image subsizes deferral enabled for import
[09:20:44 UTC] [INFO] Image subsizes deferral enabled for import
[09:20:44 UTC] [INFO] ---

[09:20:44 UTC] [INFO] Starting Cart Abandonment Recovery import process
[09:20:44 UTC] [INFO] info | Context: {"file_url":"https:\/\/websitedemos.net\/wp-content\/uploads\/astra-sites\/1548\/cart-abandonment-recovery.json","timeout_seconds":300}
[09:20:45 UTC] [INFO] success | Context: {"file_url":"https:\/\/websitedemos.net\/wp-content\/uploads\/astra-sites\/1548\/cart-abandonment-recovery.json","file_size":3251,"uploaded_file":"C:\\Users\\dvirl\\Local Sites\\wine-shop\\app\\public\/wp-content\/uploads\/2026\/05\/cart-abandonment-recovery.json"}
[09:20:45 UTC] [SUCCESS] File downloaded successfully from: https://websitedemos.net/wp-content/uploads/astra-sites/1548/cart-abandonment-recovery.json
[09:20:45 UTC] [INFO] Checking if Cart Abandonment Recovery is already loaded
[09:20:45 UTC] [INFO] Cart Abandonment Recovery is already loaded and ready
[09:20:45 UTC] [SUCCESS] Cart Abandonment Recovery templates inserted successfully
[09:20:45 UTC] [SUCCESS] Imported Cart Abandonment Recovery data from https://websitedemos.net/wp-content/uploads/astra-sites/1548/cart-abandonment-recovery.json
[09:20:45 UTC] [INFO] Image subsizes deferral enabled for import
[09:20:46 UTC] [INFO] ---

[09:20:46 UTC] [INFO] Starting import customizer settings
[09:20:46 UTC] [INFO] Importing customizer settings | Context: {"settings_count":0}
[09:20:46 UTC] [INFO] Fetched customizer data from site data | Context: {"settings_count":2}
[09:20:46 UTC] [INFO] Starting customizer settings import | Context: {"settings_count":2}
[09:20:46 UTC] [INFO] Validating customizer data keys | Context: {"keys":["astra-settings","custom-css"]}
[09:20:46 UTC] [INFO] Old customizer data backed up
[09:20:46 UTC] [SUCCESS] Astra theme settings updated | Context: {"option_key":"astra-settings"}
[09:20:46 UTC] [SUCCESS] Custom CSS updated | Context: {"option_key":"custom-css"}
[09:20:46 UTC] [SUCCESS] Customizer settings import completed successfully
[09:20:46 UTC] [SUCCESS] Customizer settings imported successfully
[09:20:46 UTC] [INFO] Image subsizes deferral enabled for import
[09:20:46 UTC] [INFO] ---

[09:20:46 UTC] [INFO] Starting import Spectra settings
[09:20:46 UTC] [INFO] Starting Spectra settings import | Context: {"settings_count":30}
[09:20:46 UTC] [SUCCESS] Spectra settings imported successfully
[09:20:46 UTC] [SUCCESS] Spectra settings imported successfully. | Context: {"message":"Spectra settings imported successfully.","url":""}
[09:20:47 UTC] [INFO] Image subsizes deferral enabled for import
[09:20:49 UTC] [INFO] Image subsizes deferral enabled for import
[09:20:50 UTC] [INFO] ---

[09:20:50 UTC] [INFO] Starting XML preparation process
[09:20:50 UTC] [INFO] Starting XML data preparation | Context: {"wxr_url":"https:\/\/websitedemos.net\/wp-content\/uploads\/astra-sites\/1548\/wxr.xml"}
[09:20:50 UTC] [INFO] info | Context: {"url":"https:\/\/websitedemos.net\/wp-content\/uploads\/astra-sites\/1548\/wxr.xml","host":"websitedemos.net"}
[09:20:50 UTC] [INFO] WXR URL validation passed
[09:20:50 UTC] [INFO] Starting XML file download | Context: {"url":"https:\/\/websitedemos.net\/wp-content\/uploads\/astra-sites\/1548\/wxr.xml"}
[09:20:50 UTC] [INFO] info | Context: {"file_url":"https:\/\/websitedemos.net\/wp-content\/uploads\/astra-sites\/1548\/wxr.xml","timeout_seconds":300}
[09:20:51 UTC] [INFO] success | Context: {"file_url":"https:\/\/websitedemos.net\/wp-content\/uploads\/astra-sites\/1548\/wxr.xml","file_size":1051772,"uploaded_file":"C:\\Users\\dvirl\\Local Sites\\wine-shop\\app\\public\/wp-content\/uploads\/2026\/05\/wxr.xml"}
[09:20:51 UTC] [SUCCESS] XML file downloaded successfully | Context: {"file_path":"C:\\Users\\dvirl\\Local Sites\\wine-shop\\app\\public\/wp-content\/uploads\/2026\/05\/wxr.xml"}
[09:20:51 UTC] [INFO] Inserting XML file as attachment | Context: {"filename":"wxr.xml"}
[09:20:51 UTC] [SUCCESS] XML attachment created | Context: {"post_id":15}
[09:20:51 UTC] [INFO] Generating attachment metadata | Context: {"post_id":15}
[09:20:51 UTC] [INFO] Parsing XML data from file | Context: {"post_id":15}
[09:20:51 UTC] [INFO] info | Context: {"xml_file_path":"C:\\Users\\dvirl\\Local Sites\\wine-shop\\app\\public\/wp-content\/uploads\/2026\/05\/wxr.xml","xml_post_id":15}
[09:20:51 UTC] [INFO] success | Context: {"xml_file_path":"C:\\Users\\dvirl\\Local Sites\\wine-shop\\app\\public\/wp-content\/uploads\/2026\/05\/wxr.xml","post_count":42,"media_count":136,"author_count":2,"comment_count":0,"term_count":24}
[09:20:51 UTC] [SUCCESS] XML data preparation completed successfully | Context: {"post_id":15,"has_data":true}
[09:20:52 UTC] [INFO] Image subsizes deferral enabled for import
[09:21:09 UTC] [INFO] Image subsizes deferral enabled for import
[09:21:10 UTC] [INFO] Image subsizes deferral enabled for import
[09:21:10 UTC] [INFO] info | Context: {"xml_url_provided":false}
[09:21:10 UTC] [INFO] info | Context: {"xml_url":"C:\\Users\\dvirl\\Local Sites\\wine-shop\\app\\public\/wp-content\/uploads\/2026\/05\/wxr.xml","file_size":1051772}
[09:22:17 UTC] [INFO] Image subsizes deferral enabled for import
[09:22:28 UTC] [INFO] success | Context: {"post_id":6339,"post_type":"custom_css","original_id":9,"post_title":"astra"}
[09:22:28 UTC] [INFO] success | Context: {"post_id":3621,"post_type":"nav_menu_item","original_id":3621,"post_title":"Everything"}
[09:22:28 UTC] [INFO] success | Context: {"post_id":3633,"post_type":"custom_css","original_id":3633,"post_title":"astra"}
[09:22:28 UTC] [INFO] success | Context: {"post_id":3770,"post_type":"nav_menu_item","original_id":3770,"post_title":"Know More About Us"}
[09:22:36 UTC] [INFO] success | Context: {"post_id":3604,"post_type":"page","original_id":3604,"post_title":"Shop"}
[09:22:36 UTC] [INFO] success | Context: {"post_id":3605,"post_type":"page","original_id":3605,"post_title":"Cart"}
[09:22:36 UTC] [INFO] success | Context: {"post_id":3606,"post_type":"page","original_id":3606,"post_title":"Checkout"}
[09:22:36 UTC] [INFO] success | Context: {"post_id":3607,"post_type":"page","original_id":3607,"post_title":"My account"}
[09:22:36 UTC] [INFO] success | Context: {"post_id":3610,"post_type":"page","original_id":3610,"post_title":"Home"}
[09:22:36 UTC] [INFO] success | Context: {"post_id":3612,"post_type":"page","original_id":3612,"post_title":"About"}
[09:22:36 UTC] [INFO] success | Context: {"post_id":3614,"post_type":"page","original_id":3614,"post_title":"Contact"}
[09:22:36 UTC] [INFO] success | Context: {"post_id":3771,"post_type":"nav_menu_item","original_id":3771,"post_title":"Visit Store"}
[09:22:36 UTC] [INFO] success | Context: {"post_id":3772,"post_type":"nav_menu_item","original_id":3772,"post_title":"Let's Connect"}
[09:22:36 UTC] [INFO] success | Context: {"post_id":3773,"post_type":"nav_menu_item","original_id":3773,"post_title":"Locate Stores"}
[09:22:36 UTC] [INFO] success | Context: {"post_id":3781,"post_type":"nav_menu_item","original_id":3781,"post_title":"Privacy Policy"}
[09:22:37 UTC] [INFO] success | Context: {"post_id":3782,"post_type":"nav_menu_item","original_id":3782,"post_title":"Shipping Details"}
[09:22:37 UTC] [INFO] success | Context: {"post_id":3783,"post_type":"nav_menu_item","original_id":3783,"post_title":"Offers Coupons"}
[09:22:37 UTC] [INFO] success | Context: {"post_id":3784,"post_type":"nav_menu_item","original_id":3784,"post_title":"Terms & Conditions"}
[09:22:37 UTC] [INFO] success | Context: {"post_id":4342,"post_type":"nav_menu_item","original_id":4342,"post_title":""}
[09:22:37 UTC] [INFO] success | Context: {"post_id":4343,"post_type":"nav_menu_item","original_id":4343,"post_title":""}
[09:22:37 UTC] [INFO] success | Context: {"post_id":4345,"post_type":"nav_menu_item","original_id":4345,"post_title":""}
[09:22:37 UTC] [INFO] success | Context: {"post_id":4346,"post_type":"nav_menu_item","original_id":4346,"post_title":""}
[09:22:37 UTC] [INFO] success | Context: {"post_id":5496,"post_type":"nav_menu_item","original_id":5496,"post_title":""}
[09:22:37 UTC] [INFO] success | Context: {"post_id":5497,"post_type":"nav_menu_item","original_id":5497,"post_title":""}
[09:22:37 UTC] [INFO] success | Context: {"post_id":6340,"post_type":"wp_navigation","original_id":4,"post_title":"Navigation"}
[09:22:38 UTC] [INFO] success | Context: {"post_id":3671,"post_type":"product","original_id":3671,"post_title":"Cashew Butter"}
[09:22:38 UTC] [INFO] success | Context: {"post_id":3672,"post_type":"product","original_id":3672,"post_title":"Organic Face Scrub"}
[09:22:39 UTC] [INFO] success | Context: {"post_id":3673,"post_type":"product","original_id":3673,"post_title":"Kidney Beans Organic"}
[09:22:39 UTC] [INFO] success | Context: {"post_id":3674,"post_type":"product","original_id":3674,"post_title":"Wheat From Organic Farms"}
[09:22:40 UTC] [INFO] success | Context: {"post_id":3675,"post_type":"product","original_id":3675,"post_title":"Assorted Coffee"}
[09:22:41 UTC] [INFO] success | Context: {"post_id":3676,"post_type":"product","original_id":3676,"post_title":"Natural Extracted Olive Oil"}
[09:22:41 UTC] [INFO] success | Context: {"post_id":3677,"post_type":"product","original_id":3677,"post_title":"Fresh Organic Honey"}
[09:22:42 UTC] [INFO] success | Context: {"post_id":3678,"post_type":"product","original_id":3678,"post_title":"Farm Fresh Eggs"}
[09:22:43 UTC] [INFO] success | Context: {"post_id":3679,"post_type":"product","original_id":3679,"post_title":"Hand Sanitizer"}
[09:22:43 UTC] [INFO] success | Context: {"post_id":3680,"post_type":"product","original_id":3680,"post_title":"Fresh Orange Juice"}
[09:22:44 UTC] [INFO] success | Context: {"post_id":3681,"post_type":"product","original_id":3681,"post_title":"Pulses From Organic Farm"}
[09:22:45 UTC] [INFO] success | Context: {"post_id":3682,"post_type":"product","original_id":3682,"post_title":"Handpicked Red Chillies"}
[09:22:45 UTC] [INFO] success | Context: {"post_id":3907,"post_type":"wp_block","original_id":3907,"post_title":"Site Footer"}
[09:22:45 UTC] [INFO] success | Context: {"post_id":4132,"post_type":"wp_global_styles","original_id":4132,"post_title":"Custom Styles"}
[09:22:45 UTC] [INFO] success | Context: {"post_id":5524,"post_type":"wp_global_styles","original_id":5524,"post_title":"Custom Styles"}
[09:22:45 UTC] [INFO] success | Context: {"post_id":6341,"post_type":"shop_coupon","original_id":6339,"post_title":"WELCOME15"}
[09:22:45 UTC] [INFO] success | Context: {"post_id":6342,"post_type":"shop_coupon","original_id":6340,"post_title":"CART10"}
[09:22:46 UTC] [INFO] success | Context: {"xml_url":"C:\\Users\\dvirl\\Local Sites\\wine-shop\\app\\public\/wp-content\/uploads\/2026\/05\/wxr.xml"}
[09:22:46 UTC] [INFO] Image subsizes deferral enabled for import
[09:22:46 UTC] [INFO] ---

[09:22:46 UTC] [INFO] Starting import options
[09:22:46 UTC] [INFO] Importing site options | Context: {"options":[]}
[09:22:46 UTC] [INFO] Starting site options import | Context: {"options_count":67}
[09:22:46 UTC] [INFO] Old site options backed up
[09:22:46 UTC] [INFO] Processing option | Context: {"option_name":"woocommerce_product_attributes"}
[09:22:46 UTC] [INFO] Updating standard option | Context: {"option_name":"woocommerce_product_attributes"}
[09:22:46 UTC] [INFO] Processing option | Context: {"option_name":"woocommerce_product_cat_list"}
[09:22:46 UTC] [INFO] Updating standard option | Context: {"option_name":"woocommerce_product_cat_list"}
[09:22:46 UTC] [INFO] Processing option | Context: {"option_name":"woocommerce_product_cat"}
[09:22:46 UTC] [INFO] Updating standard option | Context: {"option_name":"woocommerce_product_cat"}
[09:22:46 UTC] [INFO] Processing option | Context: {"option_name":"custom_logo"}
[09:22:46 UTC] [INFO] Importing custom logo | Context: {"logo_id":"https:\/\/websitedemos.net\/organic-shop-09\/wp-content\/uploads\/sites\/1548\/2019\/06\/organic-store-logo5.svg"}
[09:22:46 UTC] [INFO] info | Context: {"url":"https:\/\/websitedemos.net\/organic-shop-09\/wp-content\/uploads\/sites\/1548\/2019\/06\/organic-store-logo5.svg"}
[09:22:46 UTC] [INFO] info | Context: {"url":"https:\/\/websitedemos.net\/organic-shop-09\/wp-content\/uploads\/sites\/1548\/2019\/06\/organic-store-logo5.svg","sha1":"251316f6c96e54e92c0e8acee92c51d23562381e"}
[09:22:46 UTC] [INFO] info | Context: {"url":"https:\/\/websitedemos.net\/organic-shop-09\/wp-content\/uploads\/sites\/1548\/2019\/06\/organic-store-logo5.svg","sha1":"251316f6c96e54e92c0e8acee92c51d23562381e"}
[09:22:46 UTC] [INFO] success | Context: {"url":"https:\/\/websitedemos.net\/organic-shop-09\/wp-content\/uploads\/sites\/1548\/2019\/06\/organic-store-logo5.svg","attachment_id":"2470","attachment_url":"http:\/\/wine-shop.local\/wp-content\/uploads\/2019\/06\/organic-store-logo5.svg"}
[09:22:46 UTC] [INFO] success | Context: {"url":"https:\/\/websitedemos.net\/organic-shop-09\/wp-content\/uploads\/sites\/1548\/2019\/06\/organic-store-logo5.svg","attachment_id":"2470"}
[09:22:46 UTC] [INFO] success | Context: {"url":"https:\/\/websitedemos.net\/organic-shop-09\/wp-content\/uploads\/sites\/1548\/2019\/06\/organic-store-logo5.svg","attachment_id":"2470","logo_url":"http:\/\/wine-shop.local\/wp-content\/uploads\/2019\/06\/organic-store-logo5.svg"}
[09:22:46 UTC] [INFO] Processing option | Context: {"option_name":"nav_menu_locations"}
[09:22:46 UTC] [INFO] Setting navigation menu locations | Context: {"menu_count":3}
[09:22:46 UTC] [INFO] info | Context: {"total_locations":3}
[09:22:46 UTC] [INFO] info | Context: {"location":"primary","slug":"primary-menu","menu_id":19}
[09:22:46 UTC] [INFO] info | Context: {"location":"secondary_menu","slug":"secondary-menu","menu_id":21}
[09:22:46 UTC] [INFO] info | Context: {"location":"footer_menu","slug":"site-links","menu_id":22}
[09:22:46 UTC] [INFO] success | Context: {"successful_mappings":3,"failed_locations":[],"total_locations":3}
[09:22:46 UTC] [INFO] Processing option | Context: {"option_name":"show_on_front"}
[09:22:46 UTC] [INFO] Updating standard option | Context: {"option_name":"show_on_front"}
[09:22:46 UTC] [INFO] Processing option | Context: {"option_name":"page_on_front"}
[09:22:46 UTC] [INFO] Updating page ID option | Context: {"option_name":"page_on_front","option_value":"Home"}
[09:22:47 UTC] [INFO] info | Context: {"option_name":"page_on_front","option_value":"Home"}
[09:22:47 UTC] [INFO] success | Context: {"option_name":"page_on_front","page_title":"Home","page_id":3610}
[09:22:47 UTC] [INFO] Processing option | Context: {"option_name":"page_for_posts"}
[09:22:47 UTC] [INFO] Updating page ID option | Context: {"option_name":"page_for_posts","option_value":""}
[09:22:47 UTC] [INFO] warning | Context: {"option_name":"page_for_posts"}
[09:22:47 UTC] [INFO] Option value is null, skipping | Context: {"option_name":"_fl_builder_enabled_icons"}
[09:22:47 UTC] [INFO] Option value is null, skipping | Context: {"option_name":"_fl_builder_enabled_modules"}
[09:22:47 UTC] [INFO] Option value is null, skipping | Context: {"option_name":"_fl_builder_post_types"}
[09:22:47 UTC] [INFO] Option value is null, skipping | Context: {"option_name":"_fl_builder_color_presets"}
[09:22:47 UTC] [INFO] Option value is null, skipping | Context: {"option_name":"_fl_builder_services"}
[09:22:47 UTC] [INFO] Option value is null, skipping | Context: {"option_name":"_fl_builder_settings"}
[09:22:47 UTC] [INFO] Option value is null, skipping | Context: {"option_name":"_fl_builder_user_access"}
[09:22:47 UTC] [INFO] Option value is null, skipping | Context: {"option_name":"_fl_builder_enabled_templates"}
[09:22:47 UTC] [INFO] Option value is null, skipping | Context: {"option_name":"elementor_container_width"}
[09:22:47 UTC] [INFO] Option value is null, skipping | Context: {"option_name":"elementor_cpt_support"}
[09:22:47 UTC] [INFO] Option value is null, skipping | Context: {"option_name":"elementor_css_print_method"}
[09:22:47 UTC] [INFO] Option value is null, skipping | Context: {"option_name":"elementor_default_generic_fonts"}
[09:22:47 UTC] [INFO] Option value is null, skipping | Context: {"option_name":"elementor_disable_color_schemes"}
[09:22:47 UTC] [INFO] Option value is null, skipping | Context: {"option_name":"elementor_disable_typography_schemes"}
[09:22:47 UTC] [INFO] Option value is null, skipping | Context: {"option_name":"elementor_editor_break_lines"}
[09:22:47 UTC] [INFO] Option value is null, skipping | Context: {"option_name":"elementor_exclude_user_roles"}
[09:22:47 UTC] [INFO] Option value is null, skipping | Context: {"option_name":"elementor_global_image_lightbox"}
[09:22:47 UTC] [INFO] Option value is null, skipping | Context: {"option_name":"elementor_page_title_selector"}
[09:22:47 UTC] [INFO] Option value is null, skipping | Context: {"option_name":"elementor_scheme_color"}
[09:22:47 UTC] [INFO] Option value is null, skipping | Context: {"option_name":"elementor_scheme_color-picker]"}
[09:22:47 UTC] [INFO] Option value is null, skipping | Context: {"option_name":"elementor_scheme_typography"}
[09:22:47 UTC] [INFO] Option value is null, skipping | Context: {"option_name":"elementor_space_between_widgets"}
[09:22:47 UTC] [INFO] Option value is null, skipping | Context: {"option_name":"elementor_stretched_section_container"}
[09:22:47 UTC] [INFO] Option value is null, skipping | Context: {"option_name":"elementor_load_fa4_shim"}
[09:22:47 UTC] [INFO] Option value is null, skipping | Context: {"option_name":"elementor_active_kit"}
[09:22:47 UTC] [INFO] Option value is null, skipping | Context: {"option_name":"elementor_experiment-container"}
[09:22:47 UTC] [INFO] Processing option | Context: {"option_name":"elementor_install_history"}
[09:22:47 UTC] [INFO] Updating standard option | Context: {"option_name":"elementor_install_history"}
[09:22:47 UTC] [INFO] Processing option | Context: {"option_name":"woocommerce_shop_page_title"}
[09:22:47 UTC] [INFO] Updating standard option | Context: {"option_name":"woocommerce_shop_page_title"}
[09:22:47 UTC] [INFO] Processing option | Context: {"option_name":"woocommerce_cart_page_title"}
[09:22:47 UTC] [INFO] Updating standard option | Context: {"option_name":"woocommerce_cart_page_title"}
[09:22:47 UTC] [INFO] Processing option | Context: {"option_name":"woocommerce_checkout_page_title"}
[09:22:47 UTC] [INFO] Updating standard option | Context: {"option_name":"woocommerce_checkout_page_title"}
[09:22:47 UTC] [INFO] Processing option | Context: {"option_name":"woocommerce_myaccount_page_title"}
[09:22:47 UTC] [INFO] Updating standard option | Context: {"option_name":"woocommerce_myaccount_page_title"}
[09:22:47 UTC] [INFO] Processing option | Context: {"option_name":"woocommerce_edit_address_page_title"}
[09:22:47 UTC] [INFO] Updating standard option | Context: {"option_name":"woocommerce_edit_address_page_title"}
[09:22:47 UTC] [INFO] Processing option | Context: {"option_name":"woocommerce_view_order_page_title"}
[09:22:47 UTC] [INFO] Updating standard option | Context: {"option_name":"woocommerce_view_order_page_title"}
[09:22:47 UTC] [INFO] Processing option | Context: {"option_name":"woocommerce_change_password_page_title"}
[09:22:47 UTC] [INFO] Updating standard option | Context: {"option_name":"woocommerce_change_password_page_title"}
[09:22:47 UTC] [INFO] Processing option | Context: {"option_name":"woocommerce_logout_page_title"}
[09:22:47 UTC] [INFO] Updating standard option | Context: {"option_name":"woocommerce_logout_page_title"}
[09:22:47 UTC] [INFO] Processing option | Context: {"option_name":"woocommerce_enable_guest_checkout"}
[09:22:47 UTC] [INFO] Updating standard option | Context: {"option_name":"woocommerce_enable_guest_checkout"}
[09:22:47 UTC] [INFO] Processing option | Context: {"option_name":"woocommerce_enable_checkout_login_reminder"}
[09:22:47 UTC] [INFO] Updating standard option | Context: {"option_name":"woocommerce_enable_checkout_login_reminder"}
[09:22:47 UTC] [INFO] Processing option | Context: {"option_name":"woocommerce_enable_signup_and_login_from_checkout"}
[09:22:47 UTC] [INFO] Updating standard option | Context: {"option_name":"woocommerce_enable_signup_and_login_from_checkout"}
[09:22:47 UTC] [INFO] Processing option | Context: {"option_name":"woocommerce_enable_myaccount_registration"}
[09:22:47 UTC] [INFO] Updating standard option | Context: {"option_name":"woocommerce_enable_myaccount_registration"}
[09:22:47 UTC] [INFO] Processing option | Context: {"option_name":"woocommerce_registration_generate_username"}
[09:22:47 UTC] [INFO] Updating standard option | Context: {"option_name":"woocommerce_registration_generate_username"}
[09:22:47 UTC] [INFO] Option value is null, skipping | Context: {"option_name":"edd_settings"}
[09:22:47 UTC] [INFO] Processing option | Context: {"option_name":"wpforms_settings"}
[09:22:47 UTC] [INFO] Updating standard option | Context: {"option_name":"wpforms_settings"}
[09:22:47 UTC] [INFO] Option value is null, skipping | Context: {"option_name":"learndash_settings_theme_ld30"}
[09:22:47 UTC] [INFO] Option value is null, skipping | Context: {"option_name":"learndash_settings_courses_themes"}
[09:22:47 UTC] [INFO] Option value is null, skipping | Context: {"option_name":"srfm_general_settings_options"}
[09:22:47 UTC] [INFO] Option value is null, skipping | Context: {"option_name":"get_default_dynamic_block_option"}
[09:22:47 UTC] [INFO] Option value is null, skipping | Context: {"option_name":"srfm_default_dynamic_block_option"}
[09:22:47 UTC] [INFO] Option value is null, skipping | Context: {"option_name":"srfm_email_summary_settings_options"}
[09:22:47 UTC] [INFO] Option value is null, skipping | Context: {"option_name":"srfm_security_settings_options"}
[09:22:47 UTC] [INFO] Option value is null, skipping | Context: {"option_name":"cfvsw_global"}
[09:22:47 UTC] [INFO] Option value is null, skipping | Context: {"option_name":"cfvsw_shop"}
[09:22:47 UTC] [INFO] Option value is null, skipping | Context: {"option_name":"cfvsw_style"}
[09:22:47 UTC] [INFO] Processing option | Context: {"option_name":"moderncart_setting"}
[09:22:47 UTC] [INFO] Updating standard option | Context: {"option_name":"moderncart_setting"}
[09:22:47 UTC] [INFO] Processing option | Context: {"option_name":"moderncart_cart"}
[09:22:47 UTC] [INFO] Updating standard option | Context: {"option_name":"moderncart_cart"}
[09:22:47 UTC] [INFO] Processing option | Context: {"option_name":"moderncart_floating"}
[09:22:47 UTC] [INFO] Updating standard option | Context: {"option_name":"moderncart_floating"}
[09:22:47 UTC] [INFO] Processing option | Context: {"option_name":"moderncart_appearance"}
[09:22:47 UTC] [INFO] Updating standard option | Context: {"option_name":"moderncart_appearance"}
[09:22:47 UTC] [INFO] Option value is null, skipping | Context: {"option_name":"power_coupons_settings"}
[09:22:47 UTC] [INFO] Processing option | Context: {"option_name":"astra-color-palettes"}
[09:22:47 UTC] [INFO] Updating standard option | Context: {"option_name":"astra-color-palettes"}
[09:22:47 UTC] [INFO] Processing option | Context: {"option_name":"astra-typography-presets"}
[09:22:47 UTC] [INFO] Updating standard option | Context: {"option_name":"astra-typography-presets"}
[09:22:47 UTC] [INFO] Running st_importer_import_site_options action
[09:22:47 UTC] [INFO] Processing site options import - Total options: 67
[09:22:47 UTC] [INFO] Updated option: woocommerce_product_attributes
[09:22:47 UTC] [INFO] Updated option: woocommerce_product_cat_list | Context: {"31":{"term_id":31,"name":"Uncategorized","slug":"uncategorized","description":""},"51":{"term_id":51,"name":"Groceries","slug":"groceries","description":""},"58":{"term_id":58,"name":"Juice","slug":"juice","description":""}}
[09:22:47 UTC] [INFO] Processing WooCommerce product categories - Total: 3
[09:22:47 UTC] [SUCCESS] WooCommerce product categories processed successfully
[09:22:47 UTC] [INFO] Inserting custom logo from URL: https://websitedemos.net/organic-shop-09/wp-content/uploads/sites/1548/2019/06/organic-store-logo5.svg
[09:22:47 UTC] [INFO] Starting image import for URL: https://websitedemos.net/organic-shop-09/wp-content/uploads/sites/1548/2019/06/organic-store-logo5.svg
[09:22:47 UTC] [INFO] Image already exists in media library (ID: 2470), skipping download
[09:22:47 UTC] [SUCCESS] Custom logo set successfully - ID: 2470
[09:22:47 UTC] [INFO] Setting nav menu locations - Total menus: 3
[09:22:47 UTC] [INFO] Menu location 'primary' set to term ID: 19
[09:22:47 UTC] [INFO] Menu location 'secondary_menu' set to term ID: 21
[09:22:47 UTC] [INFO] Menu location 'footer_menu' set to term ID: 22
[09:22:47 UTC] [SUCCESS] Nav menu locations updated successfully
[09:22:47 UTC] [INFO] Updated option: show_on_front | Context: "page"
[09:22:47 UTC] [INFO] Updating page ID for option: page_on_front with value: Home
[09:22:47 UTC] [INFO] Page ID updated for page_on_front: 3610
[09:22:47 UTC] [INFO] Updating page ID for option: page_for_posts with value: 
[09:22:47 UTC] [INFO] Updated option: elementor_install_history | Context: {"3.29.1":1749210499}
[09:22:47 UTC] [INFO] Updating WooCommerce page ID for option: woocommerce_shop_page_title with value: Shop
[09:22:47 UTC] [INFO] Updating page ID for option: woocommerce_shop_page_id with value: Shop
[09:22:47 UTC] [INFO] Page ID updated for woocommerce_shop_page_id: 3604
[09:22:47 UTC] [INFO] Updating WooCommerce page ID for option: woocommerce_cart_page_title with value: Cart
[09:22:47 UTC] [INFO] Updating page ID for option: woocommerce_cart_page_id with value: Cart
[09:22:47 UTC] [INFO] Page ID updated for woocommerce_cart_page_id: 3605
[09:22:47 UTC] [INFO] Updating WooCommerce page ID for option: woocommerce_checkout_page_title with value: Checkout
[09:22:47 UTC] [INFO] Updating page ID for option: woocommerce_checkout_page_id with value: Checkout
[09:22:47 UTC] [INFO] Page ID updated for woocommerce_checkout_page_id: 3606
[09:22:47 UTC] [INFO] Updating WooCommerce page ID for option: woocommerce_myaccount_page_title with value: My account
[09:22:47 UTC] [INFO] Updating page ID for option: woocommerce_myaccount_page_id with value: My account
[09:22:47 UTC] [INFO] Page ID updated for woocommerce_myaccount_page_id: 3607
[09:22:47 UTC] [INFO] Updating WooCommerce page ID for option: woocommerce_edit_address_page_title with value: 
[09:22:47 UTC] [INFO] Updating page ID for option: woocommerce_edit_address_page_id with value: 
[09:22:47 UTC] [INFO] Updating WooCommerce page ID for option: woocommerce_view_order_page_title with value: 
[09:22:47 UTC] [INFO] Updating page ID for option: woocommerce_view_order_page_id with value: 
[09:22:47 UTC] [INFO] Updating WooCommerce page ID for option: woocommerce_change_password_page_title with value: 
[09:22:47 UTC] [INFO] Updating page ID for option: woocommerce_change_password_page_id with value: 
[09:22:47 UTC] [INFO] Updating WooCommerce page ID for option: woocommerce_logout_page_title with value: 
[09:22:47 UTC] [INFO] Updating page ID for option: woocommerce_logout_page_id with value: 
[09:22:47 UTC] [INFO] Updated option: woocommerce_enable_guest_checkout | Context: "yes"
[09:22:47 UTC] [INFO] Updated option: woocommerce_enable_checkout_login_reminder | Context: "no"
[09:22:47 UTC] [INFO] Updated option: woocommerce_enable_signup_and_login_from_checkout | Context: "no"
[09:22:47 UTC] [INFO] Updated option: woocommerce_enable_myaccount_registration | Context: "no"
[09:22:47 UTC] [INFO] Updated option: woocommerce_registration_generate_username | Context: "no"
[09:22:47 UTC] [INFO] Updated option: wpforms_settings | Context: {"modern-markup":"1","modern-markup-is-set":true,"modern-markup-hide-setting":true}
[09:22:47 UTC] [INFO] Updated option: moderncart_setting | Context: {"enable_moderncart":"all","enable_powered_by":true,"enable_free_shipping_bar":true,"enable_express_checkout":false}
[09:22:47 UTC] [INFO] Updated option: moderncart_cart | Context: {"cart_style":"slideout","cart_theme_style":"style1","product_image_size":"medium","cart_item_padding":20,"animation_speed":300,"section_styling":"accordian","main_title":"Review Your Cart","recommendation_title":"Even better with these!","empty_cart_recommendation_title":"Let's find you something perfect","coupon_title":"Got a Discount Code?","coupon_placeholder":"Enter discount code","checkout_button_label":"Proceed to Checkout","free_shipping_bar_text":"You're {amount} away from free shipping!","on_sale_percentage_text":"You Saved"}
[09:22:47 UTC] [INFO] Updated option: moderncart_floating | Context: {"floating_cart_position":"bottom-right","primary_color":"#8bc34a","heading_color":"#6a9739","body_color":"#111111","highlight_color":"#333333","background_color":"#f8f6f3","button_font_color":"#ffffff","header_font_color":"#6a9739","header_background_color":"#f8f6f3","quantity_font_color":"#6a9739","quantity_background_color":"#001524","icon_color":"#ffffff","count_text_color":"#6a9739","count_background_color":"#001524","icon_background_color":"#8bc34a"}
[09:22:47 UTC] [INFO] Updated option: moderncart_appearance | Context: {"primary_color":"#6a9739","heading_color":"#6a9739","body_color":"#111111","highlight_color":"#333333","background_color":"#f8f6f3","button_font_color":"#ffffff","header_font_color":"#6a9739","header_background_color":"#f8f6f3","quantity_font_color":"#6a9739","quantity_background_color":"#001524","icon_color":"#ffffff","count_text_color":"#6a9739","count_background_color":"#001524","icon_background_color":"#8bc34a"}
[09:22:47 UTC] [INFO] Updated option: astra-color-palettes | Context: {"currentPalette":"palette_1","palettes":{"palette_1":["#8bc34a","#6a9739","#111111","#333333","#f8f6f3","#ffffff","#001524","#f8f6f3","#000000"],"palette_2":["#0274be","#025790","#3a3a3a","#091e4f","#ffffff","#f8f6f3","#161718","#424242","#000000"],"palette_3":["#0274be","#025790","#3a3a3a","#091e4f","#ffffff","#f8f6f3","#161718","#424242","#000000"],"palette_4":["#0085FF","#0177E3","#FFFFFF","#E7F6FF","#212A37","#0F172A","#4F5B62","#070614","#222222"]},"flag":false,"presets":{"Oak":["#0067FF","#005EE9","#0F172A","#364151","#E7F6FF","#FFFFFF","#D1DAE5","#070614","#222222"],"Viola":["#6528F7","#5511F8","#0F172A","#454F5E","#F2F0FE","#FFFFFF","#D8D8F5","#0D0614","#222222"],"Cedar":["#DD183B","#CC1939","#0F172A","#3A3A3A","#FFEDE6","#FFFFFF","#FFD1BF","#140609","#222222"],"Willow":["#54B435","#379237","#0F172A","#2F3B40","#EDFBE2","#FFFFFF","#D5EAD8","#0C1406","#222222"],"Lily":["#DCA54A","#D09A40","#0F172A","#4A4A4A","#FAF5E5","#FFFFFF","#F0E6C5","#141004","#222222"],"Rose":["#FB5FAB","#EA559D","#0F172A","#454F5E","#FCEEF5","#FFFFFF","#FAD8E9","#140610","#222222"],"Sage":["#1B9C85","#178E79","#0F172A","#454F5E","#EDF6EE","#FFFFFF","#D4F3D7","#06140C","#222222"],"Flare":["#FD9800","#E98C00","#0F172A","#454F5E","#FEF9E1","#FFFFFF","#F9F0C8","#141006","#222222"],"Maple":["#FF6210","#F15808","#1C0D0A","#353535","#FEF1E4","#FFFFFF","#E5D7D1","#140B06","#222222"],"Birch":["#737880","#65696F","#151616","#393C40","#F6F6F6","#FFFFFF","#F1F0F0","#232529","#222222"],"Dark":["#0085FF","#0177E3","#FFFFFF","#E7F6FF","#212A37","#0F172A","#4F5B62","#070614","#222222"]}}
[09:22:47 UTC] [INFO] Updated option: astra-typography-presets
[09:22:47 UTC] [SUCCESS] Classic templates options import completed successfully
[09:22:47 UTC] [SUCCESS] Site options import completed successfully | Context: {"processed_count":29,"skipped_count":38,"total_count":67}
[09:22:47 UTC] [SUCCESS] Site options Imported!
[09:22:48 UTC] [INFO] Image subsizes deferral enabled for import
[09:22:48 UTC] [INFO] ---

[09:22:48 UTC] [INFO] Starting import widgets
[09:22:48 UTC] [INFO] Importing widgets
[09:22:48 UTC] [INFO] Starting widgets import
[09:22:48 UTC] [INFO] Processing widget data | Context: {"data_type":"string","widgets_data_type":"string"}
[09:22:48 UTC] [INFO] Parsing widget data from JSON string
[09:22:48 UTC] [INFO] Importing widget data via ST_Widget_Importer
[09:22:48 UTC] [INFO] Starting widget import process
[09:22:48 UTC] [INFO] Checking available widgets | Context: {"widget_control_count":38}
[09:22:48 UTC] [INFO] Widget availability check completed | Context: {"available_widget_count":34,"available_widgets":["pages","calendar","archives","media_audio","media_image","media_gallery","media_video","meta","search","text","categories","recent-posts","recent-comments","rss","tag_cloud","nav_menu","custom_html","block","woocommerce_widget_cart","woocommerce_layered_nav_filters","woocommerce_layered_nav","woocommerce_price_filter","woocommerce_product_categories","woocommerce_product_search","woocommerce_product_tag_cloud","woocommerce_products","woocommerce_recently_viewed_products","woocommerce_top_rated_products","woocommerce_recent_reviews","woocommerce_rating_filter","wc_brands_brand_description","woocommerce_brand_nav","wc_brands_brand_thumbnails","currency_switcher_widget"]}
[09:22:48 UTC] [INFO] Loaded widget configuration | Context: {"available_widget_types":34,"sidebar_count":7}
[09:22:48 UTC] [INFO] Processing sidebars from import data | Context: {"sidebar_count_in_data":6}
[09:22:48 UTC] [INFO] Processing sidebar: sidebar-1 | Context: {"sidebar_name":"\u05e1\u05e8\u05d2\u05dc \u05e6\u05d3 \u05e8\u05d0\u05e9\u05d9","widget_count":11,"availability":"available"}
[09:22:48 UTC] [INFO] Processing widget: block-2 | Context: {"widget_type":"block","instance_id":"2","sidebar_id":"sidebar-1"}
[09:22:48 UTC] [WARNING] Duplicate widget skipped: block-2 | Context: {"widget_type":"block","existing_instance_id":"block-2","sidebar_id":"sidebar-1"}
[09:22:48 UTC] [INFO] Processing widget: block-3 | Context: {"widget_type":"block","instance_id":"3","sidebar_id":"sidebar-1"}
[09:22:48 UTC] [WARNING] Duplicate widget skipped: block-3 | Context: {"widget_type":"block","existing_instance_id":"block-3","sidebar_id":"sidebar-1"}
[09:22:48 UTC] [INFO] Processing widget: block-4 | Context: {"widget_type":"block","instance_id":"4","sidebar_id":"sidebar-1"}
[09:22:48 UTC] [WARNING] Duplicate widget skipped: block-4 | Context: {"widget_type":"block","existing_instance_id":"block-4","sidebar_id":"sidebar-1"}
[09:22:48 UTC] [INFO] Processing widget: block-5 | Context: {"widget_type":"block","instance_id":"5","sidebar_id":"sidebar-1"}
[09:22:48 UTC] [WARNING] Duplicate widget skipped: block-5 | Context: {"widget_type":"block","existing_instance_id":"block-5","sidebar_id":"sidebar-1"}
[09:22:48 UTC] [INFO] Processing widget: block-6 | Context: {"widget_type":"block","instance_id":"6","sidebar_id":"sidebar-1"}
[09:22:48 UTC] [WARNING] Duplicate widget skipped: block-6 | Context: {"widget_type":"block","existing_instance_id":"block-6","sidebar_id":"sidebar-1"}
[09:22:48 UTC] [INFO] Processing widget: search-1 | Context: {"widget_type":"search","instance_id":"1","sidebar_id":"sidebar-1"}
[09:22:48 UTC] [INFO] Widget data formatted and saved: search | Context: {"widget_type":"search","instance_count":2,"update_result":true}
[09:22:48 UTC] [SUCCESS] Widget imported successfully: search-1 | Context: {"widget_type":"search","new_instance_id":"search-1","sidebar_id":"sidebar-1","widget_title":"No Title"}
[09:22:48 UTC] [INFO] Processing widget: recent-posts-1 | Context: {"widget_type":"recent-posts","instance_id":"1","sidebar_id":"sidebar-1"}
[09:22:48 UTC] [INFO] Widget data formatted and saved: recent-posts | Context: {"widget_type":"recent-posts","instance_count":2,"update_result":true}
[09:22:48 UTC] [SUCCESS] Widget imported successfully: recent-posts-1 | Context: {"widget_type":"recent-posts","new_instance_id":"recent-posts-1","sidebar_id":"sidebar-1","widget_title":"No Title"}
[09:22:48 UTC] [INFO] Processing widget: recent-comments-1 | Context: {"widget_type":"recent-comments","instance_id":"1","sidebar_id":"sidebar-1"}
[09:22:48 UTC] [INFO] Widget data formatted and saved: recent-comments | Context: {"widget_type":"recent-comments","instance_count":2,"update_result":true}
[09:22:48 UTC] [SUCCESS] Widget imported successfully: recent-comments-1 | Context: {"widget_type":"recent-comments","new_instance_id":"recent-comments-1","sidebar_id":"sidebar-1","widget_title":"No Title"}
[09:22:48 UTC] [INFO] Processing widget: archives-1 | Context: {"widget_type":"archives","instance_id":"1","sidebar_id":"sidebar-1"}
[09:22:48 UTC] [INFO] Widget data formatted and saved: archives | Context: {"widget_type":"archives","instance_count":2,"update_result":true}
[09:22:48 UTC] [SUCCESS] Widget imported successfully: archives-1 | Context: {"widget_type":"archives","new_instance_id":"archives-1","sidebar_id":"sidebar-1","widget_title":"No Title"}
[09:22:48 UTC] [INFO] Processing widget: categories-1 | Context: {"widget_type":"categories","instance_id":"1","sidebar_id":"sidebar-1"}
[09:22:48 UTC] [INFO] Widget data formatted and saved: categories | Context: {"widget_type":"categories","instance_count":3,"update_result":true}
[09:22:48 UTC] [SUCCESS] Widget imported successfully: categories-2 | Context: {"widget_type":"categories","new_instance_id":"categories-2","sidebar_id":"sidebar-1","widget_title":"No Title"}
[09:22:48 UTC] [INFO] Processing widget: meta-1 | Context: {"widget_type":"meta","instance_id":"1","sidebar_id":"sidebar-1"}
[09:22:48 UTC] [INFO] Widget data formatted and saved: meta | Context: {"widget_type":"meta","instance_count":2,"update_result":true}
[09:22:48 UTC] [SUCCESS] Widget imported successfully: meta-1 | Context: {"widget_type":"meta","new_instance_id":"meta-1","sidebar_id":"sidebar-1","widget_title":"No Title"}
[09:22:48 UTC] [INFO] Processing sidebar: footer-widget-1 | Context: {"sidebar_name":"Footer Builder Widget 1","widget_count":1,"availability":"available"}
[09:22:48 UTC] [INFO] Processing widget: nav_menu-1 | Context: {"widget_type":"nav_menu","instance_id":"1","sidebar_id":"footer-widget-1"}
[09:22:48 UTC] [INFO] Widget data formatted and saved: nav_menu | Context: {"widget_type":"nav_menu","instance_count":2,"update_result":true}
[09:22:48 UTC] [SUCCESS] Widget imported successfully: nav_menu-1 | Context: {"widget_type":"nav_menu","new_instance_id":"nav_menu-1","sidebar_id":"footer-widget-1","widget_title":"Quick Links"}
[09:22:48 UTC] [INFO] Processing sidebar: footer-widget-2 | Context: {"sidebar_name":"Footer Builder Widget 2","widget_count":1,"availability":"available"}
[09:22:48 UTC] [INFO] Processing widget: nav_menu-2 | Context: {"widget_type":"nav_menu","instance_id":"2","sidebar_id":"footer-widget-2"}
[09:22:48 UTC] [INFO] Widget data formatted and saved: nav_menu | Context: {"widget_type":"nav_menu","instance_count":3,"update_result":true}
[09:22:48 UTC] [SUCCESS] Widget imported successfully: nav_menu-2 | Context: {"widget_type":"nav_menu","new_instance_id":"nav_menu-2","sidebar_id":"footer-widget-2","widget_title":"Website"}
[09:22:48 UTC] [INFO] Processing sidebar: astra-woo-shop-sidebar | Context: {"sidebar_name":"\u05e1\u05e8\u05d2\u05dc \u05d7\u05e0\u05d5\u05ea \u05d5\u05d5\u05e7\u05d5\u05de\u05e8\u05e1","widget_count":5,"availability":"available"}
[09:22:48 UTC] [INFO] Processing widget: block-8 | Context: {"widget_type":"block","instance_id":"8","sidebar_id":"astra-woo-shop-sidebar"}
[09:22:48 UTC] [INFO] Widget data formatted and saved: block | Context: {"widget_type":"block","instance_count":7,"update_result":true}
[09:22:48 UTC] [SUCCESS] Widget imported successfully: block-7 | Context: {"widget_type":"block","new_instance_id":"block-7","sidebar_id":"astra-woo-shop-sidebar","widget_title":"No Title"}
[09:22:48 UTC] [INFO] Processing widget: block-9 | Context: {"widget_type":"block","instance_id":"9","sidebar_id":"astra-woo-shop-sidebar"}
[09:22:48 UTC] [INFO] Widget data formatted and saved: block | Context: {"widget_type":"block","instance_count":8,"update_result":true}
[09:22:48 UTC] [SUCCESS] Widget imported successfully: block-8 | Context: {"widget_type":"block","new_instance_id":"block-8","sidebar_id":"astra-woo-shop-sidebar","widget_title":"No Title"}
[09:22:48 UTC] [INFO] Processing widget: block-10 | Context: {"widget_type":"block","instance_id":"10","sidebar_id":"astra-woo-shop-sidebar"}
[09:22:48 UTC] [INFO] Widget data formatted and saved: block | Context: {"widget_type":"block","instance_count":9,"update_result":true}
[09:22:48 UTC] [SUCCESS] Widget imported successfully: block-9 | Context: {"widget_type":"block","new_instance_id":"block-9","sidebar_id":"astra-woo-shop-sidebar","widget_title":"No Title"}
[09:22:48 UTC] [INFO] Processing widget: block-11 | Context: {"widget_type":"block","instance_id":"11","sidebar_id":"astra-woo-shop-sidebar"}
[09:22:48 UTC] [INFO] Widget data formatted and saved: block | Context: {"widget_type":"block","instance_count":10,"update_result":true}
[09:22:48 UTC] [SUCCESS] Widget imported successfully: block-10 | Context: {"widget_type":"block","new_instance_id":"block-10","sidebar_id":"astra-woo-shop-sidebar","widget_title":"No Title"}
[09:22:48 UTC] [INFO] Processing widget: block-12 | Context: {"widget_type":"block","instance_id":"12","sidebar_id":"astra-woo-shop-sidebar"}
[09:22:48 UTC] [INFO] Widget data formatted and saved: block | Context: {"widget_type":"block","instance_count":11,"update_result":true}
[09:22:48 UTC] [SUCCESS] Widget imported successfully: block-11 | Context: {"widget_type":"block","new_instance_id":"block-11","sidebar_id":"astra-woo-shop-sidebar","widget_title":"No Title"}
[09:22:48 UTC] [INFO] Processing sidebar: footer-widget-3 | Context: {"sidebar_name":"Footer Builder Widget 3","widget_count":1,"availability":"available"}
[09:22:48 UTC] [INFO] Processing widget: nav_menu-3 | Context: {"widget_type":"nav_menu","instance_id":"3","sidebar_id":"footer-widget-3"}
[09:22:48 UTC] [INFO] Widget data formatted and saved: nav_menu | Context: {"widget_type":"nav_menu","instance_count":4,"update_result":true}
[09:22:48 UTC] [SUCCESS] Widget imported successfully: nav_menu-3 | Context: {"widget_type":"nav_menu","new_instance_id":"nav_menu-3","sidebar_id":"footer-widget-3","widget_title":"Site Links"}
[09:22:48 UTC] [INFO] Processing sidebar: footer-widget-4 | Context: {"sidebar_name":"Footer Builder Widget 4","widget_count":2,"availability":"available"}
[09:22:48 UTC] [INFO] Processing widget: media_image-1 | Context: {"widget_type":"media_image","instance_id":"1","sidebar_id":"footer-widget-4"}
[09:22:48 UTC] [INFO] Widget data formatted and saved: media_image | Context: {"widget_type":"media_image","instance_count":2,"update_result":true}
[09:22:48 UTC] [SUCCESS] Widget imported successfully: media_image-1 | Context: {"widget_type":"media_image","new_instance_id":"media_image-1","sidebar_id":"footer-widget-4","widget_title":"No Title"}
[09:22:48 UTC] [INFO] Processing widget: block-7 | Context: {"widget_type":"block","instance_id":"7","sidebar_id":"footer-widget-4"}
[09:22:48 UTC] [INFO] Widget data formatted and saved: block | Context: {"widget_type":"block","instance_count":12,"update_result":true}
[09:22:48 UTC] [SUCCESS] Widget imported successfully: block-12 | Context: {"widget_type":"block","new_instance_id":"block-12","sidebar_id":"footer-widget-4","widget_title":"No Title"}
[09:22:48 UTC] [INFO] Widget import process completed | Context: {"total_sidebars_processed":6,"successful_imports":16,"warnings":5,"errors":0,"total_widgets_processed":21}
[09:22:48 UTC] [INFO] Retrieving current sidebars and widgets
[09:22:48 UTC] [INFO] Backing up old widgets data | Context: {"sidebars_count":13}
[09:22:48 UTC] [SUCCESS] Widgets import completed successfully
[09:22:48 UTC] [SUCCESS] Widget Imported!
[09:22:49 UTC] [INFO] Image subsizes deferral enabled for import
[09:22:49 UTC] [INFO] ---

[09:22:49 UTC] [INFO] Setting site data: site-colors
[09:22:49 UTC] [INFO] Image subsizes deferral enabled for import
[09:22:49 UTC] [INFO] ---

[09:22:49 UTC] [INFO] Setting site data: site-typography
[09:22:50 UTC] [INFO] Image subsizes deferral enabled for import
[09:22:50 UTC] [INFO] ---

[09:22:50 UTC] [INFO] Starting import end process
[09:22:50 UTC] [INFO] Finalizing import process
[09:22:50 UTC] [INFO] Setting permalink structure to post name
[09:22:50 UTC] [INFO] Executing import complete actions
[09:22:50 UTC] [INFO] Batch processing started
[09:22:50 UTC] [INFO] Batch processing queue created | Context: {"total_classes":18,"attachment_count":129,"has_images":true}
[09:22:50 UTC] [INFO] Gutenberg batch processing started
[09:22:50 UTC] [INFO] Gutenberg posts retrieved for processing | Context: {"post_count":11,"post_types":"page, post, wp_block, wp_template, wp_navigation, wp_template_part, wp_global_styles, sc_form, spectra-popup, sfwd-courses, sfwd-lessons, sfwd-topic, sfwd-quiz, sfwd-certificates, sfwd-assignment"}
[09:22:50 UTC] [INFO] Processing Gutenberg post | Context: {"post_id":3907}
[09:22:50 UTC] [INFO] Updating post content (first pass) | Context: {"post_id":3907}
[09:22:50 UTC] [INFO] Starting link extraction and replacement process
[09:22:50 UTC] [INFO] Links discovered in content | Context: {"total_links":5}
[09:22:50 UTC] [INFO] Downloading images through ST_Image_Importer | Context: {"image_count":3}
[09:22:50 UTC] [INFO] Starting image import for URL: https://websitedemos.net/organic-shop-09/wp-content/uploads/sites/1548/2019/06/play-store.png
[09:22:50 UTC] [INFO] Image already exists in media library (ID: 1857), skipping download
[09:22:50 UTC] [INFO] Starting image import for URL: https://websitedemos.net/organic-shop-09/wp-content/uploads/sites/1548/2019/06/app-store.png
[09:22:50 UTC] [INFO] Image already exists in media library (ID: 1855), skipping download
[09:22:50 UTC] [INFO] Starting image import for URL: https://websitedemos.net/organic-shop-09/wp-content/uploads/sites/1548/2019/07/organic-store-white-logo.png
[09:22:50 UTC] [INFO] Image already exists in media library (ID: 2478), skipping download
[09:22:50 UTC] [INFO] Starting link replacements in content | Context: {"replacements_count":5}
[09:22:50 UTC] [SUCCESS] Link replacement process completed | Context: {"total_replacements":5}
[09:22:50 UTC] [INFO] Updating post content (second pass with link replacements) | Context: {"post_id":3907}
[09:22:51 UTC] [SUCCESS] Successfully completed processing Gutenberg post | Context: {"post_id":3907}
[09:22:51 UTC] [INFO] Processing Gutenberg post | Context: {"post_id":4132}
[09:22:51 UTC] [INFO] Updating post content (first pass) | Context: {"post_id":4132}
[09:22:51 UTC] [INFO] Starting link extraction and replacement process
[09:22:51 UTC] [INFO] Links discovered in content | Context: {"total_links":0}
[09:22:51 UTC] [INFO] No links found in content, skipping replacement
[09:22:51 UTC] [INFO] Updating post content (second pass with link replacements) | Context: {"post_id":4132}
[09:22:51 UTC] [SUCCESS] Successfully completed processing Gutenberg post | Context: {"post_id":4132}
[09:22:51 UTC] [INFO] Processing Gutenberg post | Context: {"post_id":5524}
[09:22:51 UTC] [INFO] Updating post content (first pass) | Context: {"post_id":5524}
[09:22:51 UTC] [INFO] Starting link extraction and replacement process
[09:22:51 UTC] [INFO] Links discovered in content | Context: {"total_links":0}
[09:22:51 UTC] [INFO] No links found in content, skipping replacement
[09:22:51 UTC] [INFO] Updating post content (second pass with link replacements) | Context: {"post_id":5524}
[09:22:51 UTC] [SUCCESS] Successfully completed processing Gutenberg post | Context: {"post_id":5524}
[09:22:51 UTC] [INFO] Processing Gutenberg post | Context: {"post_id":6340}
[09:22:51 UTC] [INFO] Updating post content (first pass) | Context: {"post_id":6340}
[09:22:51 UTC] [INFO] Starting link extraction and replacement process
[09:22:51 UTC] [INFO] Links discovered in content | Context: {"total_links":0}
[09:22:51 UTC] [INFO] No links found in content, skipping replacement
[09:22:51 UTC] [INFO] Updating post content (second pass with link replacements) | Context: {"post_id":6340}
[09:22:51 UTC] [SUCCESS] Successfully completed processing Gutenberg post | Context: {"post_id":6340}
[09:22:51 UTC] [INFO] Processing Gutenberg post | Context: {"post_id":3604}
[09:22:51 UTC] [INFO] Updating post content (first pass) | Context: {"post_id":3604}
[09:22:51 UTC] [INFO] Starting link extraction and replacement process
[09:22:51 UTC] [INFO] Links discovered in content | Context: {"total_links":0}
[09:22:51 UTC] [INFO] No links found in content, skipping replacement
[09:22:51 UTC] [INFO] Updating post content (second pass with link replacements) | Context: {"post_id":3604}
[09:22:51 UTC] [SUCCESS] Successfully completed processing Gutenberg post | Context: {"post_id":3604}
[09:22:51 UTC] [INFO] Processing Gutenberg post | Context: {"post_id":3605}
[09:22:51 UTC] [INFO] Batch processing queue dispatched to background
[09:22:51 UTC] [INFO] Updating post content (first pass) | Context: {"post_id":3605}
[09:22:51 UTC] [INFO] Starting link extraction and replacement process
[09:22:51 UTC] [INFO] Links discovered in content | Context: {"total_links":0}
[09:22:51 UTC] [INFO] No links found in content, skipping replacement
[09:22:51 UTC] [INFO] Updating post content (second pass with link replacements) | Context: {"post_id":3605}
[09:22:51 UTC] [SUCCESS] Successfully completed processing Gutenberg post | Context: {"post_id":3605}
[09:22:51 UTC] [INFO] Processing Gutenberg post | Context: {"post_id":3606}
[09:22:51 UTC] [INFO] Updating post content (first pass) | Context: {"post_id":3606}
[09:22:51 UTC] [INFO] Starting link extraction and replacement process
[09:22:51 UTC] [INFO] Links discovered in content | Context: {"total_links":0}
[09:22:51 UTC] [INFO] No links found in content, skipping replacement
[09:22:51 UTC] [INFO] Updating post content (second pass with link replacements) | Context: {"post_id":3606}
[09:22:51 UTC] [INFO] Batch Process Started..
[09:22:51 UTC] [INFO] Starter Templates - Importing Images for Blog name 'Wine shop' (1)
[09:22:51 UTC] [SUCCESS] Successfully completed processing Gutenberg post | Context: {"post_id":3606}
[09:22:51 UTC] [INFO] Processing Gutenberg post | Context: {"post_id":3607}
[09:22:51 UTC] [INFO] Updating post content (first pass) | Context: {"post_id":3607}
[09:22:51 UTC] [INFO] Starting link extraction and replacement process
[09:22:51 UTC] [INFO] Links discovered in content | Context: {"total_links":0}
[09:22:51 UTC] [INFO] No links found in content, skipping replacement
[09:22:51 UTC] [INFO] Updating post content (second pass with link replacements) | Context: {"post_id":3607}
[09:22:51 UTC] [SUCCESS] Successfully completed processing Gutenberg post | Context: {"post_id":3607}
[09:22:51 UTC] [INFO] Processing Gutenberg post | Context: {"post_id":3610}
[09:22:51 UTC] [INFO] Updating post content (first pass) | Context: {"post_id":3610}
[09:22:52 UTC] [INFO] Starting link extraction and replacement process
[09:22:52 UTC] [INFO] Links discovered in content | Context: {"total_links":21}
[09:22:52 UTC] [INFO] Downloading images through ST_Image_Importer | Context: {"image_count":21}
[09:22:52 UTC] [INFO] Starting image import for URL: https://websitedemos.net/organic-shop-09/wp-content/uploads/sites/1548/2024/05/leaves-free-img.png
[09:22:52 UTC] [INFO] Image already exists in media library (ID: 5102), skipping download
[09:22:52 UTC] [INFO] Starting image import for URL: https://websitedemos.net/organic-shop-09/wp-content/uploads/sites/1548/2019/06/leaves-free-img-1.png
[09:22:52 UTC] [INFO] Image already exists in media library (ID: 5070), skipping download
[09:22:52 UTC] [INFO] Starting image import for URL: https://websitedemos.net/organic-shop-09/wp-content/uploads/sites/1548/2020/09/leaves-bg.jpg
[09:22:52 UTC] [INFO] Image already exists in media library (ID: 3627), skipping download
[09:22:52 UTC] [INFO] Starting image import for URL: https://websitedemos.net/organic-shop-09/wp-content/uploads/sites/1548/2021/03/organic-products-hero.png
[09:22:52 UTC] [INFO] Image already exists in media library (ID: 3953), skipping download
[09:22:52 UTC] [INFO] Starting image import for URL: https://websitedemos.net/organic-shop-09/wp-content/uploads/sites/1548/2019/07/logo-leaf-new.png
[09:22:52 UTC] [INFO] Image already exists in media library (ID: 2518), skipping download
[09:22:52 UTC] [INFO] Starting image import for URL: https://websitedemos.net/organic-shop-09/wp-content/uploads/sites/1548/2021/03/basil-leaf.png
[09:22:52 UTC] [INFO] Image already exists in media library (ID: 3958), skipping download
[09:22:52 UTC] [INFO] Starting image import for URL: https://websitedemos.net/organic-shop-09/wp-content/uploads/sites/1548/2025/09/product11-free-img-230x300-1.jpg
[09:22:52 UTC] [INFO] Image already exists in media library (ID: 5515), skipping download
[09:22:52 UTC] [INFO] Starting image import for URL: https://websitedemos.net/organic-shop-09/wp-content/uploads/sites/1548/2019/06/product11-free-img.jpg
[09:22:52 UTC] [INFO] Image already exists in media library (ID: 1754), skipping download
[09:22:52 UTC] [INFO] Starting image import for URL: https://websitedemos.net/organic-shop-09/wp-content/uploads/sites/1548/2025/09/product13-free-img-230x300-1.jpg
[09:22:52 UTC] [INFO] Image already exists in media library (ID: 5516), skipping download
[09:22:52 UTC] [INFO] Starting image import for URL: https://websitedemos.net/organic-shop-09/wp-content/uploads/sites/1548/2019/06/product13-free-img.jpg
[09:22:52 UTC] [INFO] Image already exists in media library (ID: 1775), skipping download
[09:22:52 UTC] [INFO] Starting image import for URL: https://websitedemos.net/organic-shop-09/wp-content/uploads/sites/1548/2025/09/product17-free-img-230x300-1.jpg
[09:22:52 UTC] [INFO] Image already exists in media library (ID: 5518), skipping download
[09:22:52 UTC] [INFO] Starting image import for URL: https://websitedemos.net/organic-shop-09/wp-content/uploads/sites/1548/2019/06/product17-free-img.jpg
[09:22:52 UTC] [INFO] Image already exists in media library (ID: 1785), skipping download
[09:22:52 UTC] [INFO] Starting image import for URL: https://websitedemos.net/organic-shop-09/wp-content/uploads/sites/1548/2019/06/logo-leaf2-free-img-1.png
[09:22:52 UTC] [INFO] Image already exists in media library (ID: 5071), skipping download
[09:22:52 UTC] [INFO] Starting image import for URL: https://websitedemos.net/organic-shop-09/wp-content/uploads/sites/1548/2020/09/leaves-bg-rev.jpg
[09:22:52 UTC] [INFO] Image already exists in media library (ID: 3716), skipping download
[09:22:52 UTC] [INFO] Starting image import for URL: https://websitedemos.net/organic-shop-09/wp-content/uploads/sites/1548/2019/07/client02-free-img.png
[09:22:52 UTC] [INFO] Image already exists in media library (ID: 2515), skipping download
[09:22:52 UTC] [INFO] Starting image import for URL: https://websitedemos.net/organic-shop-09/wp-content/uploads/sites/1548/2019/06/sydney-rae-668606-unsplash.jpg
[09:22:52 UTC] [INFO] Image already exists in media library (ID: 1895), skipping download
[09:22:52 UTC] [INFO] Starting image import for URL: https://websitedemos.net/organic-shop-09/wp-content/uploads/sites/1548/2019/07/client01-free-img.png
[09:22:52 UTC] [INFO] Image already exists in media library (ID: 2516), skipping download
[09:22:52 UTC] [INFO] Starting image import for URL: https://websitedemos.net/organic-shop-09/wp-content/uploads/sites/1548/2025/06/1-copy.svg
[09:22:52 UTC] [INFO] Image already exists in media library (ID: 5505), skipping download
[09:22:52 UTC] [INFO] Starting image import for URL: https://websitedemos.net/organic-shop-09/wp-content/uploads/sites/1548/2025/06/1-copy-4.svg
[09:22:52 UTC] [INFO] Image already exists in media library (ID: 5504), skipping download
[09:22:52 UTC] [INFO] Starting image import for URL: https://websitedemos.net/organic-shop-09/wp-content/uploads/sites/1548/2025/06/1-copy-3.svg
[09:22:52 UTC] [INFO] Image already exists in media library (ID: 5503), skipping download
[09:22:52 UTC] [INFO] Starting image import for URL: https://websitedemos.net/organic-shop-09/wp-content/uploads/sites/1548/2025/06/1-copy-2.svg
[09:22:52 UTC] [INFO] Image already exists in media library (ID: 5502), skipping download
[09:22:52 UTC] [INFO] Starting link replacements in content | Context: {"replacements_count":21}
[09:22:52 UTC] [SUCCESS] Link replacement process completed | Context: {"total_replacements":21}
[09:22:52 UTC] [INFO] Updating post content (second pass with link replacements) | Context: {"post_id":3610}
[09:22:52 UTC] [SUCCESS] Successfully completed processing Gutenberg post | Context: {"post_id":3610}
[09:22:52 UTC] [INFO] Processing Gutenberg post | Context: {"post_id":3612}
[09:22:52 UTC] [INFO] Updating post content (first pass) | Context: {"post_id":3612}
[09:22:52 UTC] [INFO] Starting link extraction and replacement process
[09:22:52 UTC] [INFO] Links discovered in content | Context: {"total_links":8}
[09:22:52 UTC] [INFO] Downloading images through ST_Image_Importer | Context: {"image_count":8}
[09:22:52 UTC] [INFO] Starting image import for URL: https://websitedemos.net/organic-shop-09/wp-content/uploads/sites/1548/2021/03/basil-leaf.png
[09:22:52 UTC] [INFO] Image already exists in media library (ID: 3958), skipping download
[09:22:52 UTC] [INFO] Starting image import for URL: https://websitedemos.net/organic-shop-09/wp-content/uploads/sites/1548/2020/01/banner-01.jpg
[09:22:52 UTC] [INFO] Image already exists in media library (ID: 3007), skipping download
[09:22:52 UTC] [INFO] Starting image import for URL: https://websitedemos.net/organic-shop-09/wp-content/uploads/sites/1548/2024/05/leaves-free-img.png
[09:22:52 UTC] [INFO] Image already exists in media library (ID: 5102), skipping download
[09:22:52 UTC] [INFO] Starting image import for URL: https://websitedemos.net/organic-shop-09/wp-content/uploads/sites/1548/2019/06/leaves-free-img-1.png
[09:22:52 UTC] [INFO] Image already exists in media library (ID: 5070), skipping download
[09:22:52 UTC] [INFO] Starting image import for URL: https://websitedemos.net/organic-shop-09/wp-content/uploads/sites/1548/2020/01/image-02.jpg
[09:22:52 UTC] [INFO] Image already exists in media library (ID: 3010), skipping download
[09:22:52 UTC] [INFO] Starting image import for URL: https://websitedemos.net/organic-shop-09/wp-content/uploads/sites/1548/2019/07/client02-free-img.png
[09:22:52 UTC] [INFO] Image already exists in media library (ID: 2515), skipping download
[09:22:52 UTC] [INFO] Starting image import for URL: https://websitedemos.net/organic-shop-09/wp-content/uploads/sites/1548/2019/06/organic-badge-freeimg.png
[09:22:52 UTC] [INFO] Image already exists in media library (ID: 2032), skipping download
[09:22:52 UTC] [INFO] Starting image import for URL: https://websitedemos.net/organic-shop-09/wp-content/uploads/sites/1548/2019/07/logo-leaf-new.png
[09:22:52 UTC] [INFO] Image already exists in media library (ID: 2518), skipping download
[09:22:52 UTC] [INFO] Starting link replacements in content | Context: {"replacements_count":8}
[09:22:52 UTC] [SUCCESS] Link replacement process completed | Context: {"total_replacements":8}
[09:22:52 UTC] [INFO] Updating post content (second pass with link replacements) | Context: {"post_id":3612}
[09:22:52 UTC] [SUCCESS] Import completed successfully!
[09:22:52 UTC] [SUCCESS] Successfully completed processing Gutenberg post | Context: {"post_id":3612}
[09:22:52 UTC] [INFO] Processing Gutenberg post | Context: {"post_id":3614}
[09:22:52 UTC] [INFO] Updating post content (first pass) | Context: {"post_id":3614}
[09:22:52 UTC] [INFO] Starting link extraction and replacement process
[09:22:52 UTC] [INFO] Links discovered in content | Context: {"total_links":3}
[09:22:52 UTC] [INFO] Downloading images through ST_Image_Importer | Context: {"image_count":3}
[09:22:52 UTC] [INFO] Starting image import for URL: https://websitedemos.net/organic-shop-08/wp-content/uploads/sites/678/2021/03/basil-leaf.png
[09:22:52 UTC] [INFO] Image already exists in media library (ID: 3958), skipping download
[09:22:52 UTC] [INFO] Starting image import for URL: https://websitedemos.net/organic-shop-09/wp-content/uploads/sites/1548/2019/06/leaves-free-img-1.png
[09:22:52 UTC] [INFO] Image already exists in media library (ID: 5070), skipping download
[09:22:52 UTC] [INFO] Starting image import for URL: https://websitedemos.net/organic-shop-09/wp-content/uploads/sites/1548/2019/07/logo-leaf-new.png
[09:22:52 UTC] [INFO] Image already exists in media library (ID: 2518), skipping download
[09:22:52 UTC] [INFO] Starting link replacements in content | Context: {"replacements_count":3}
[09:22:53 UTC] [SUCCESS] Link replacement process completed | Context: {"total_replacements":3}
[09:22:53 UTC] [INFO] Updating post content (second pass with link replacements) | Context: {"post_id":3614}
[09:22:53 UTC] [SUCCESS] Successfully completed processing Gutenberg post | Context: {"post_id":3614}
[09:22:53 UTC] [SUCCESS] Gutenberg batch processing completed successfully | Context: {"posts_processed":11}
[09:22:53 UTC] [INFO] Elementor batch processing started
[09:22:53 UTC] [INFO] Elementor posts retrieved for processing | Context: {"post_count":11,"post_types":"page, post, wp_block, wp_template, wp_navigation, wp_template_part, wp_global_styles, sc_form"}
[09:22:53 UTC] [INFO] Processing Elementor post | Context: {"post_id":3907}
[09:22:53 UTC] [INFO] Skipping post - not an Elementor page or missing data | Context: {"post_id":3907,"has_version":false,"has_data":false}
[09:22:53 UTC] [INFO] Processing Elementor post | Context: {"post_id":4132}
[09:22:53 UTC] [INFO] Skipping post - not an Elementor page or missing data | Context: {"post_id":4132,"has_version":false,"has_data":false}
[09:22:53 UTC] [INFO] Processing Elementor post | Context: {"post_id":5524}
[09:22:53 UTC] [INFO] Skipping post - not an Elementor page or missing data | Context: {"post_id":5524,"has_version":false,"has_data":false}
[09:22:53 UTC] [INFO] Processing Elementor post | Context: {"post_id":6340}
[09:22:53 UTC] [INFO] Skipping post - not an Elementor page or missing data | Context: {"post_id":6340,"has_version":false,"has_data":false}
[09:22:53 UTC] [INFO] Processing Elementor post | Context: {"post_id":3604}
[09:22:53 UTC] [INFO] Skipping post - not an Elementor page or missing data | Context: {"post_id":3604,"has_version":false,"has_data":false}
[09:22:53 UTC] [INFO] Processing Elementor post | Context: {"post_id":3605}
[09:22:53 UTC] [INFO] Skipping post - not an Elementor page or missing data | Context: {"post_id":3605,"has_version":false,"has_data":false}
[09:22:53 UTC] [INFO] Processing Elementor post | Context: {"post_id":3606}
[09:22:53 UTC] [INFO] Skipping post - not an Elementor page or missing data | Context: {"post_id":3606,"has_version":false,"has_data":false}
[09:22:53 UTC] [INFO] Processing Elementor post | Context: {"post_id":3607}
[09:22:53 UTC] [INFO] Skipping post - not an Elementor page or missing data | Context: {"post_id":3607,"has_version":false,"has_data":false}
[09:22:53 UTC] [INFO] Processing Elementor post | Context: {"post_id":3610}
[09:22:53 UTC] [INFO] Skipping post - not an Elementor page or missing data | Context: {"post_id":3610,"has_version":false,"has_data":false}
[09:22:53 UTC] [INFO] Processing Elementor post | Context: {"post_id":3612}
[09:22:53 UTC] [INFO] Skipping post - not an Elementor page or missing data | Context: {"post_id":3612,"has_version":false,"has_data":false}
[09:22:53 UTC] [INFO] Processing Elementor post | Context: {"post_id":3614}
[09:22:53 UTC] [INFO] Skipping post - not an Elementor page or missing data | Context: {"post_id":3614,"has_version":false,"has_data":false}
[09:22:53 UTC] [SUCCESS] Elementor batch processing completed successfully | Context: {"posts_processed":11}
[09:22:53 UTC] [INFO] Misc batch processing started
[09:22:53 UTC] [INFO] Misc batch processing skipped (not AI template)
[09:22:53 UTC] [INFO] Customizer image download batch processing started
[09:22:53 UTC] [INFO] Starting customizer image processing | Context: {"customizer_options_count":2636}
[09:22:53 UTC] [SUCCESS] Customizer image download completed | Context: {"options_processed":2636,"images_processed_successfully":0,"images_failed":0,"total_images_attempted":0}
[09:22:53 UTC] [SUCCESS] Customizer batch import method completed
[09:22:53 UTC] [INFO] Starting CE image metadata processing | Context: {"total_attachments":129,"offset":10,"chunk_size":10}
[09:22:53 UTC] [INFO] Processing CE image batch | Context: {"batch_size":10,"offset":10}
[09:22:53 UTC] [INFO] Generating attachment metadata | Context: {"attachment_id":1817,"file":"product24-free-img.jpg"}
[09:22:53 UTC] [INFO] Generating attachment metadata | Context: {"attachment_id":1818,"file":"product25-free-img.jpg"}
[09:22:54 UTC] [INFO] Generating attachment metadata | Context: {"attachment_id":1831,"file":"logo01-free-img.png"}
[09:22:54 UTC] [INFO] Generating attachment metadata | Context: {"attachment_id":1835,"file":"logo02-free-img.png"}
[09:22:55 UTC] [INFO] Generating attachment metadata | Context: {"attachment_id":1839,"file":"logo03-free-img.png"}
[09:22:55 UTC] [INFO] Generating attachment metadata | Context: {"attachment_id":6335,"file":"woocommerce-placeholder-3.webp"}
[09:22:55 UTC] [INFO] Generating attachment metadata | Context: {"attachment_id":6336,"file":"woocommerce-placeholder-4.webp"}
[09:22:55 UTC] [INFO] Import process completed. Cleaning up log file option.
[09:22:56 UTC] [INFO] Generating attachment metadata | Context: {"attachment_id":6337,"file":"woocommerce-placeholder-5.webp"}
[09:22:57 UTC] [INFO] Generating attachment metadata | Context: {"attachment_id":6338,"file":"woocommerce-placeholder-6.webp"}
[09:22:58 UTC] [INFO] Generating attachment metadata | Context: {"attachment_id":1851,"file":"logo04-free-img.png"}
[09:22:58 UTC] [SUCCESS] CE image batch processing completed | Context: {"successful":10,"errors":0,"new_offset":20}
[09:22:58 UTC] [INFO] Starting CE image metadata processing | Context: {"total_attachments":129,"offset":20,"chunk_size":10}
[09:22:58 UTC] [INFO] Processing CE image batch | Context: {"batch_size":10,"offset":20}
[09:22:58 UTC] [INFO] Generating attachment metadata | Context: {"attachment_id":1853,"file":"logo05-free-img.png"}
[09:22:58 UTC] [INFO] Generating attachment metadata | Context: {"attachment_id":1855,"file":"app-store.png"}
[09:22:58 UTC] [INFO] Generating attachment metadata | Context: {"attachment_id":1857,"file":"play-store.png"}
[09:22:58 UTC] [INFO] Generating attachment metadata | Context: {"attachment_id":1895,"file":"sydney-rae-668606-unsplash-scaled.jpg"}
[09:23:03 UTC] [INFO] Generating attachment metadata | Context: {"attachment_id":2032,"file":"organic-badge-freeimg.png"}
[09:23:03 UTC] [INFO] Generating attachment metadata | Context: {"attachment_id":2061,"file":"farming04-free-img.jpg"}
[09:23:03 UTC] [INFO] Generating attachment metadata | Context: {"attachment_id":2064,"file":"farming03-free-img.jpg"}
[09:23:04 UTC] [INFO] Generating attachment metadata | Context: {"attachment_id":2112,"file":"leaves-free-img.png"}
[09:23:05 UTC] [INFO] Generating attachment metadata | Context: {"attachment_id":2137,"file":"logo-leaf2-free-img.png"}
[09:23:06 UTC] [INFO] Generating attachment metadata | Context: {"attachment_id":2205,"file":"product26-free-img.jpg"}
[09:23:06 UTC] [SUCCESS] CE image batch processing completed | Context: {"successful":10,"errors":0,"new_offset":30}
[09:23:06 UTC] [INFO] Starting CE image metadata processing | Context: {"total_attachments":129,"offset":30,"chunk_size":10}
[09:23:06 UTC] [INFO] Processing CE image batch | Context: {"batch_size":10,"offset":30}
[09:23:06 UTC] [INFO] Generating attachment metadata | Context: {"attachment_id":2207,"file":"product27-free-img.jpg"}
[09:23:07 UTC] [INFO] Generating attachment metadata | Context: {"attachment_id":2210,"file":"product29-free-img.jpg"}
[09:23:08 UTC] [INFO] Generating attachment metadata | Context: {"attachment_id":2234,"file":"organic-favicon-free-img.png"}
[09:23:08 UTC] [INFO] Generating attachment metadata | Context: {"attachment_id":2465,"file":"organic-store-yoast-img.jpg"}
[09:23:08 UTC] [INFO] Generating attachment metadata | Context: {"attachment_id":2478,"file":"organic-store-white-logo.png"}
[09:23:08 UTC] [INFO] Generating attachment metadata | Context: {"attachment_id":2504,"file":"orange_juice_free-img.jpg"}
[09:23:09 UTC] [INFO] Generating attachment metadata | Context: {"attachment_id":2505,"file":"honey-jar-free-img.jpg"}
[09:23:10 UTC] [INFO] Generating attachment metadata | Context: {"attachment_id":2515,"file":"client02-free-img.png"}
[09:23:10 UTC] [INFO] Generating attachment metadata | Context: {"attachment_id":2516,"file":"client01-free-img.png"}
[09:23:10 UTC] [INFO] Generating attachment metadata | Context: {"attachment_id":2518,"file":"logo-leaf-new.png"}
[09:23:10 UTC] [SUCCESS] CE image batch processing completed | Context: {"successful":10,"errors":0,"new_offset":40}